// Jest Snapshot v1, https://goo.gl/fbAQLP

exports[`GameList renders correctly 1`] = `
.c1 {
  margin: 0 20px;
  padding: 10px;
  box-shadow: 0 0 10px var(--primary-medium);
  border-radius: 10px;
  background-color: var(--text-light);
  font-size: 0.9rem;
}

.c2 {
  display: grid;
  grid-template-rows: repeat(4,auto);
  grid-template-columns: 1fr 1fr;
  grid-gap: 10px;
}

.c4 {
  grid-column-start: 2;
  grid-row-start: 1;
  justify-self: end;
}

.c3 {
  grid-column: 1 / 3;
  grid-row-start: 2;
  text-transform: uppercase;
}

.c5 {
  grid-column: 1 / 4;
  grid-row-start: 3;
}

.c6 {
  grid-column-start: 1;
  grid-row-start: 4;
}

.c7 {
  grid-column-start: 2;
  grid-row-start: 4;
}

.c8 {
  display: -webkit-box;
  display: -webkit-flex;
  display: -ms-flexbox;
  display: flex;
  -webkit-box-pack: space-evenly;
  -webkit-justify-content: space-evenly;
  -ms-flex-pack: space-evenly;
  justify-content: space-evenly;
  -webkit-align-items: baseline;
  -webkit-box-align: baseline;
  -ms-flex-align: baseline;
  align-items: baseline;
  width: 100%;
}

.c9 {
  display: -webkit-box;
  display: -webkit-flex;
  display: -ms-flexbox;
  display: flex;
  margin: 5px;
  padding: 0;
  width: 30px;
  border: none;
  background: none;
}

.c10 {
  margin-right: 3px;
  fill: var(--secondary-dark);
}

.c11 {
  display: -webkit-box;
  display: -webkit-flex;
  display: -ms-flexbox;
  display: flex;
  margin: 20px 5px 5px 5px;
  padding: 0;
  width: 30px;
  border: none;
  background: none;
}

.c12 {
  margin-right: 3px;
  fill: var(--secondary-dark);
}

.c0 {
  display: grid;
  gap: 20px;
}

<div
  class="c0"
>
  <section
    class="c1"
  >
    <div
      class="c2"
    >
      <div
        class="c3"
      >
        Horner Racecourse
      </div>
      <div
        class="c4"
      >
        2020-12-24
      </div>
      <div
        class="c5"
      >
        <h4>
          Player(s)
        </h4>
        <span>
          John, Jane
        </span>
      </div>
      <div
        class="c6"
      >
        <h4>
          Winner(s)
        </h4>
        <span>
          Jane
        </span>
      </div>
      <div
        class="c7"
      >
        <h4>
          Total Shots
        </h4>
        <span>
          89
        </span>
      </div>
    </div>
    <div
      class="c8"
    >
      <button
        class="c9"
        data-testid="button-set-delete"
      >
        <svg
          class="c10"
        >
          bin.svg
        </svg>
      </button>
      <button
        class="c11"
        data-testid="button-edit"
      >
        <svg
          class="c12"
        >
          pencil.svg
        </svg>
      </button>
    </div>
  </section>
  <section
    class="c1"
  >
    <div
      class="c2"
    >
      <div
        class="c3"
      >
        City Park
      </div>
      <div
        class="c4"
      >
        2020-01-01
      </div>
      <div
        class="c5"
      >
        <h4>
          Player(s)
        </h4>
        <span>
          Fritz, Hanni, Nanni
        </span>
      </div>
      <div
        class="c6"
      >
        <h4>
          Winner(s)
        </h4>
        <span>
          Fritz
        </span>
      </div>
      <div
        class="c7"
      >
        <h4>
          Total Shots
        </h4>
        <span>
          35
        </span>
      </div>
    </div>
    <div
      class="c8"
    >
      <button
        class="c9"
        data-testid="button-set-delete"
      >
        <svg
          class="c10"
        >
          bin.svg
        </svg>
      </button>
      <button
        class="c11"
        data-testid="button-edit"
      >
        <svg
          class="c12"
        >
          pencil.svg
        </svg>
      </button>
    </div>
  </section>
</div>
`;
