// Jest Snapshot v1, https://goo.gl/fbAQLP

exports[`Button has the right text 1`] = `
.c0 {
  padding: 7px;
  border-style: none;
  border-radius: 5px;
  background-color: #F5D87A;
  height: 50px;
  width: 100px;
  font-size: 1rem;
}

<button
  class="c0"
>
  âœ“ Save
</button>
`;
