// Jest Snapshot v1, https://goo.gl/fbAQLP

exports[`GameCardsList renders correctly 1`] = `
.c1 {
  padding: 10px;
  display: grid;
  grid-template-rows: repeat(3,1fr);
  grid-template-columns: repeat(3,1fr);
  grid-gap: 10px;
  justify-items: center;
  box-shadow: 0 0 10px var(--primary-medium);
  border-radius: 10px;
  background-color: var(--primary-medium);
  font-size: 0.9rem;
  text-align: center;
}

.c2 {
  grid-column: 1 / 3;
  justify-self: start;
}

.c3 {
  justify-self: end;
}

.c4 {
  margin: 0;
  place-items: center;
  font-weight: 550;
}

.c5 {
  grid-column: 1 / 2;
  grid-row: 3 / 4;
  place-items: center;
}

.c6 {
  grid-column: 2 / 3;
  grid-row: 3 / 4;
  place-items: center;
}

.c7 {
  place-items: center;
}

.c0 {
  display: grid;
  gap: 10px;
}

<div
  class="c0"
>
  <section
    class="c1"
  >
    <div
      class="c2"
    >
      Horner Racecourse
    </div>
    <div
      class="c3"
    >
      11/04/2020
    </div>
    <h4
      class="c4"
    >
      Player(s)
    </h4>
    <span
      class="c5"
    >
      John, Jane
    </span>
    <h4
      class="c4"
    >
      Winner(s)
    </h4>
    <span
      class="c6"
    >
      Jane
    </span>
    <h4
      class="c4"
    >
      Total Shots
    </h4>
    <span
      class="c7"
    >
      89
    </span>
  </section>
  <section
    class="c1"
  >
    <div
      class="c2"
    >
      City Park
    </div>
    <div
      class="c3"
    >
      11/13/2020
    </div>
    <h4
      class="c4"
    >
      Player(s)
    </h4>
    <span
      class="c5"
    >
      Fritz, Hanni, Nanni
    </span>
    <h4
      class="c4"
    >
      Winner(s)
    </h4>
    <span
      class="c6"
    >
      Fritz
    </span>
    <h4
      class="c4"
    >
      Total Shots
    </h4>
    <span
      class="c7"
    >
      35
    </span>
  </section>
</div>
`;
