// Jest Snapshot v1, https://goo.gl/fbAQLP

exports[`GameCard renders correctly 1`] = `
.c0 {
  padding: 10px;
  display: grid;
  grid-template-rows: 1fr 1fr 1fr;
  grid-template-columns: 1fr 1fr 1fr;
  row-gap: 10px;
  -webkit-column-gap: 10px;
  column-gap: 10px;
  justify-items: center;
  box-shadow: 0 0 10px var(--primary-medium);
  border-radius: 10px;
  background-color: var(--primary);
  font-size: 0.9rem;
  text-align: center;
}

.c0 h4 {
  margin: 0;
  font-weight: 550;
}

.c1 {
  grid-column: 1 / 3;
  justify-self: start;
}

.c2 {
  justify-self: end;
}

.c3 {
  place-items: center;
}

.c4 {
  grid-column: 1 / 2;
  grid-row: 3 / 4;
  place-items: center;
}

.c5 {
  place-items: center;
}

.c6 {
  grid-column: 2 / 3;
  grid-row: 3 / 4;
  place-items: center;
}

.c7 {
  place-items: center;
}

.c8 {
  place-items: center;
}

<div
  class="c0"
>
  <div
    class="c1"
  >
    Horner Racecourse
  </div>
  <div
    class="c2"
  >
    11/04/2020
  </div>
  <h4
    class="c3"
  >
    Player(s)
  </h4>
  <span
    class="c4"
  >
    John, Jane
  </span>
  <h4
    class="c5"
  >
    Winner(s)
  </h4>
  <span
    class="c6"
  >
    Jane
  </span>
  <h4
    class="c7"
  >
    Total Shots
  </h4>
  <span
    class="c8"
  >
    56
  </span>
</div>
`;
