// Jest Snapshot v1, https://goo.gl/fbAQLP

exports[`Game renders snapshot correctly 1`] = `
.c9 {
  stroke: var(--secondary-dark);
}

.c13 {
  stroke: var(--secondary-dark);
}

.c11 {
  stroke: var(--secondary-dark);
}

.c0 {
  margin: 0 20px;
}

.c1 {
  padding: 10px;
  display: grid;
  grid-template-rows: repeat(4,auto);
  grid-template-columns: 1fr 1fr;
  grid-gap: 10px;
  box-shadow: 0 0 10px var(--box-shadow-green);
  border-radius: 25px 25px 0 0;
  background-color: var(--text-light);
  font-size: 0.9rem;
}

.c3 {
  grid-column-start: 2;
  grid-row-start: 1;
  justify-self: end;
}

.c2 {
  grid-column: 1 / 3;
  grid-row-start: 2;
  text-transform: uppercase;
}

.c4 {
  grid-column: 1 / 4;
  grid-row-start: 3;
}

.c5 {
  grid-column-start: 1;
  grid-row-start: 4;
}

.c6 {
  grid-column-start: 2;
  grid-row-start: 4;
}

.c7 {
  padding: 5px 0;
  display: -webkit-box;
  display: -webkit-flex;
  display: -ms-flexbox;
  display: flex;
  -webkit-box-pack: space-evenly;
  -webkit-justify-content: space-evenly;
  -ms-flex-pack: space-evenly;
  justify-content: space-evenly;
  -webkit-align-items: baseline;
  -webkit-box-align: baseline;
  -ms-flex-align: baseline;
  align-items: baseline;
  width: 100%;
  border-radius: 0 0 25px 25px;
  background: var(--text-light-transparent);
}

.c8 {
  margin: 5px;
  padding: 0;
  display: -webkit-box;
  display: -webkit-flex;
  display: -ms-flexbox;
  display: flex;
  border: none;
  background: none;
}

.c10 {
  margin: 5px;
  padding: 0;
  display: -webkit-box;
  display: -webkit-flex;
  display: -ms-flexbox;
  display: flex;
  border: none;
  background: none;
}

.c12 {
  margin: 5px;
  padding: 0;
  display: -webkit-box;
  display: -webkit-flex;
  display: -ms-flexbox;
  display: flex;
  border: none;
  background: none;
}

<section
  class="c0"
>
  <div
    class="c1"
  >
    <div
      class="c2"
    >
      City Park
    </div>
    <div
      class="c3"
    >
      2020-12-24
    </div>
    <div
      class="c4"
    >
      <h4>
        Player(s)
      </h4>
      <span>
        Sarah, Hannes
      </span>
    </div>
    <div
      class="c5"
    >
      <h4>
        Winner(s)
      </h4>
      <span>
        Sarah
      </span>
    </div>
    <div
      class="c6"
    >
      <h4>
        Total Shots
      </h4>
      <span>
        28
      </span>
    </div>
  </div>
  <div
    class="c7"
  >
    <button
      class="c8"
      data-testid="button-set-delete"
    >
      <svg
        class="c9"
      >
        bin.svg
      </svg>
    </button>
    <button
      class="c10"
      data-testid="button-edit"
    >
      <svg
        class="c11"
      >
        pencil.svg
      </svg>
    </button>
    <button
      class="c12"
      data-testid="button-details"
    >
      <svg
        class="c13"
      >
        details.svg
      </svg>
    </button>
  </div>
</section>
`;
