// Jest Snapshot v1, https://goo.gl/fbAQLP

exports[`Header reders correctly 1`] = `
.c0 {
  height: 50px;
  box-shadow: 0 0 10px var(--primary-dark);
  border-radius: 0 0 25px 3px;
  background: var(--secondary-dark);
}

.c1 {
  position: absolute;
  top: 0;
  left: 28px;
  width: 60px;
  height: 60px;
  display: -webkit-box;
  display: -webkit-flex;
  display: -ms-flexbox;
  display: flex;
  -webkit-box-pack: center;
  -webkit-justify-content: center;
  -ms-flex-pack: center;
  justify-content: center;
  box-shadow: 0 0 10px var(--primary-dark);
  border-radius: 0 0 50px 50px;
  background-color: var(--text-light);
}

.c2 {
  margin-top: 10px;
  width: 30px;
  fill: var(--secondary-dark);
}

<header
  class="c0"
>
  <div
    class="c1"
  >
    <svg
      class="c2"
    >
      golf-logo.svg
    </svg>
  </div>
</header>
`;
