// Jest Snapshot v1, https://goo.gl/fbAQLP

exports[`Button renders correctly 1`] = `
.c0 {
  height: 34px;
  width: 85px;
  padding: 7px;
  display: -webkit-box;
  display: -webkit-flex;
  display: -ms-flexbox;
  display: flex;
  -webkit-align-items: center;
  -webkit-box-align: center;
  -ms-flex-align: center;
  align-items: center;
  -webkit-box-pack: space-evenly;
  -webkit-justify-content: space-evenly;
  -ms-flex-pack: space-evenly;
  justify-content: space-evenly;
  box-shadow: var(--shadow-light);
  border-radius: 5px;
  border-style: none;
  background-color: var(--primary);
  color: var(--white);
  font-family: 'Raleway',sans-serif;
  font-size: 1rem;
  font-weight: 500;
}

.c0:disabled {
  opacity: 50%;
}

<div>
  <button
    class="c0"
  >
    {"attrs":[],"componentStyle":{"rules":["margin-right:3px;width:25%;stroke:var(--white);"],"staticRulesId":"","isStatic":false,"componentId":"Icons__CheckIconLightText-sc-7h7nei-5","baseHash":-1343931257},"foldedComponentIds":[],"styledComponentId":"Icons__CheckIconLightText-sc-7h7nei-5","target":{}}
    Test Text
  </button>
</div>
`;
